<html>
<body>
<pre>
<h1>µVision Build Log</h1>
<h2>Tool Versions:</h2>
IDE-Version: £gVision V5.24.2.0
Copyright (C) 2017 ARM Ltd and ARM Germany GmbH. All rights reserved.
License Information: LU SHAO-MING, bear, LIC=----
 
Tool Versions:
Toolchain:       MDK-Lite  Version: 5.24.1
Toolchain Path:  C:\Keil_v5\ARM\ARMCC\Bin
C Compiler:      Armcc.exe V5.06 update 5 (build 528)
Assembler:       Armasm.exe V5.06 update 5 (build 528)
Linker/Locator:  ArmLink.exe V5.06 update 5 (build 528)
Library Manager: ArmAr.exe V5.06 update 5 (build 528)
Hex Converter:   FromElf.exe V5.06 update 5 (build 528)
CPU DLL:         SARMCM3.DLL V5.24.1
Dialog DLL:      DARMCM1.DLL V1.18.0.0
Target DLL:      Nu_Link.dll V3.02
Dialog DLL:      TARMCM1.DLL V1.13.0.0
 
<h2>Project:</h2>
D:\Users\USER\Desktop\code\MCU_class\Lab11_2\KEIL\Nu-LB-NUC140_LCD.uvproj
Project File Date:  12/17/2024

<h2>Output:</h2>
*** Using Compiler 'V5.06 update 5 (build 528)', folder: 'C:\Keil_v5\ARM\ARMCC\Bin'
Rebuild target 'LCD'
creating preprocessor file for system_NUC100Series.c...
assembling startup_NUC100Series.s...
creating preprocessor file for uart.c...
creating preprocessor file for spi.c...
compiling system_NUC100Series.c...
creating preprocessor file for gpio.c...
compiling uart.c...
creating preprocessor file for clk.c...
compiling spi.c...
creating preprocessor file for sys.c...
compiling gpio.c...
creating preprocessor file for retarget.c...
compiling clk.c...
compiling sys.c...
creating preprocessor file for adc.c...
creating preprocessor file for pwm.c...
compiling retarget.c...
creating preprocessor file for main.c...
compiling adc.c...
creating preprocessor file for SYS_init.c...
compiling pwm.c...
compiling main.c...
creating preprocessor file for LCD.c...
creating preprocessor file for Seven_Segment.c...
compiling SYS_init.c...
compiling LCD.c...
compiling Seven_Segment.c...
linking...
Program Size: Code=4972 RO-data=1200 RW-data=52 ZI-data=1028  
After Build - User command #1: fromelf --bin ".\obj\LCD_Keypad.axf" --output ".\obj\LCD_Keypad.bin"
After Build - User command #2: fromelf --text -c ".\obj\LCD_Keypad.axf" --output ".\obj\LCD_Keypad.txt"
".\obj\LCD_Keypad.axf" - 0 Error(s), 0 Warning(s).
Build Time Elapsed:  00:00:07
</pre>
</body>
</html>
